// Jest Snapshot v1, https://goo.gl/fbAQLP

exports[`<UpdateButton/> should render if warning level prop passed 1`] = `
<button
  class="updateButton"
  data-testid="update-button"
  id="update_button_2"
>
  Update
  <svg
    height="12"
    shape-rendering="crispEdges"
    viewBox="0 0 12 12"
    width="12"
  >
    <path
      d="M0,8.5h12v1H0V8.5z"
      fill="currentColor"
    />
    <path
      d="M0,5.5h12v1H0V5.5z"
      fill="currentColor"
    />
    <path
      d="M0,2.5h12v1H0V2.5z"
      fill="currentColor"
    />
  </svg>
</button>
`;
