// Jest Snapshot v1, https://goo.gl/fbAQLP

exports[`<UpdateButton/> should render if warning level prop passed 1`] = `
<button
  class="updateButton"
  data-testid="update-button"
  data-warning-level="light"
  id="update-lens-button"
>
  Update
  <i
    class="Icon icon material focusable"
  >
    <span
      class="icon"
      data-icon-name="arrow_drop_down"
    >
      arrow_drop_down
    </span>
  </i>
</button>
`;
