// Jest Snapshot v1, https://goo.gl/fbAQLP

exports[`<ContainerEnv /> renders 1`] = `
<body>
  <div>
    <div
      class="DrawerItem ContainerEnvironment"
    >
      <span
        class="name"
      >
        Environment
      </span>
      <span
        class="value"
      />
    </div>
  </div>
</body>
`;
